<?xml version="1.0"?>
<testsuite name="Chrome Headless 142.0.0.0 (Linux 0.0.0)" package="" timestamp="2025-12-01T13:06:48" id="0" hostname="thinkcat" tests="8" errors="0" failures="0" time="0.143">
  <properties>
    <property name="browser.fullName" value="Mozilla/5.0 (X11; Linux x86_64) AppleWebKit/537.36 (KHTML, like Gecko) HeadlessChrome/142.0.0.0 Safari/537.36"/>
  </properties>
  <testcase name="NavbarComponent should call setLanguage when language option is clicked" time="0.054" classname="NavbarComponent"/>
  <testcase name="NavbarComponent should have a link to dashboard" time="0.007" classname="NavbarComponent"/>
  <testcase name="NavbarComponent should navigate to wealth when clicked" time="0.015" classname="NavbarComponent"/>
  <testcase name="NavbarComponent should create" time="0.008" classname="NavbarComponent"/>
  <testcase name="NavbarComponent should have a link to wealth" time="0.008" classname="NavbarComponent"/>
  <testcase name="NavbarComponent should navigate to dashboard when clicked" time="0.007" classname="NavbarComponent"/>
  <testcase name="NavbarComponent should apply active class to active route" time="0.01" classname="NavbarComponent"/>
  <testcase name="App should create the app" time="0.034" classname="App"/>
  <system-out>
    <![CDATA[
]]>
  </system-out>
  <system-err/>
</testsuite>